Type '{ category: "ui_kits" | "icons"; id: string; product_files: string | { id: string; createdAt: string; updatedAt: string; user?: string | { email: string; password: string | null; id: string; ... 12 more ...; lockUntil?: string | ... 1 more ... | undefined; } | null | undefined; ... 5 more ...; height?: number | ... ...' is not assignable to type '(Product | null)[]'.
  Type '{ category: "ui_kits" | "icons"; id: string; product_files: string | { id: string; createdAt: string; updatedAt: string; user?: string | { email: string; password: string | null; id: string; ... 12 more ...; lockUntil?: string | ... 1 more ... | undefined; } | null | undefined; ... 5 more ...; height?: number | ... ...' is not assignable to type 'Product'.
    Types of property 'user' are incompatible.
      Type 'string | { email: string; password: string | null; id: string; createdAt: string; updatedAt: string; role: "user" | "admin"; products?: (string | { category: "ui_kits" | "icons"; id: string; ... 10 more ...; stripeId?: string | ... 1 more ... | undefined; })[] | null | undefined; ... 8 more ...; lockUntil?: string |...' is not assignable to type 'string | User | null | undefined'.
        Type '{ email: string; password: string | null; id: string; createdAt: string; updatedAt: string; role: "user" | "admin"; products?: (string | { category: "ui_kits" | "icons"; id: string; product_files: string | { ...; }; ... 9 more ...; stripeId?: string | ... 1 more ... | undefined; })[] | null | undefined; ... 8 more ....' is not assignable to type 'string | User | null | undefined'.
          Type '{ email: string; password: string | null; id: string; createdAt: string; updatedAt: string; role: "user" | "admin"; products?: (string | { category: "ui_kits" | "icons"; id: string; product_files: string | { ...; }; ... 9 more ...; stripeId?: string | ... 1 more ... | undefined; })[] | null | undefined; ... 8 more ....' is not assignable to type 'User'.
            Types of property 'products' are incompatible.
              Type '(string | { category: "ui_kits" | "icons"; id: string; product_files: string | { id: string; createdAt: string; updatedAt: string; user?: string | { email: string; password: string | null; ... 13 more ...; lockUntil?: string | ... 1 more ... | undefined; } | null | undefined; ... 5 more ...; height?: number | ... 1 ...' is not assignable to type '(string | Product)[] | null | undefined'.
                Type '(string | { category: "ui_kits" | "icons"; id: string; product_files: string | { id: string; createdAt: string; updatedAt: string; user?: string | { email: string; password: string | null; ... 13 more ...; lockUntil?: string | ... 1 more ... | undefined; } | null | undefined; ... 5 more ...; height?: number | ... 1 ...' is not assignable to type '(string | Product)[]'.
                  Type 'string | { category: "ui_kits" | "icons"; id: string; product_files: string | { id: string; createdAt: string; updatedAt: string; user?: string | { email: string; password: string | null; ... 13 more ...; lockUntil?: string | ... 1 more ... | undefined; } | null | undefined; ... 5 more ...; height?: number | ... 1 m...' is not assignable to type 'string | Product'.
                    Type '{ category: "ui_kits" | "icons"; id: string; product_files: string | { id: string; createdAt: string; updatedAt: string; user?: string | { email: string; password: string | null; id: string; ... 12 more ...; lockUntil?: string | ... 1 more ... | undefined; } | null | undefined; ... 5 more ...; height?: number | ... ...' is not assignable to type 'string | Product'.ts(2322)